Component: ARM Compiler 5.06 update 6 (build 750) Tool: armlink [4d35ed]

==============================================================================

Section Cross References

    main.o(.text) refers to oled.o(.text) for OLED_Clear
    main.o(.text) refers to walkmotor.o(.text) for Walkmotor_ON
    main.o(.text) refers to delay.o(.text) for delay_ms
    main.o(.text) refers to button4_4.o(.text) for Button4_4_Scan
    main.o(.text) refers to printf8.o(i.__0sprintf$8) for __2sprintf
    main.o(.text) refers to rtc.o(.text) for RTC_Set
    main.o(.text) refers to rtc.o(.bss) for calendar
    main.o(.text) refers to main.o(.data) for .data
    main.o(.text) refers to stmflash.o(.text) for STMFLASH_Write
    main.o(.text) refers to printf8.o(i.__0printf$8) for __2printf
    main.o(.text) refers to as608.o(.text) for EnsureMessage
    main.o(.text) refers to main.o(.bss) for .bss
    main.o(.text) refers to onenet.o(.text) for OneNet_SendData
    main.o(.text) refers to esp8266.o(.text) for ESP8266_Clear
    main.o(.text) refers to beep.o(.text) for beep_on_mode1
    main.o(.text) refers to onenet.o(.data) for warn
    main.o(.text) refers to memseta.o(.text) for __aeabi_memclr4
    main.o(.text) refers to strcpy.o(.text) for strcpy
    main.o(.text) refers to misc.o(.text) for NVIC_PriorityGroupConfig
    main.o(.text) refers to usart.o(.text) for uart_init
    main.o(.text) refers to usart2.o(.text) for usart2_init
    main.o(.text) refers to as608.o(.data) for AS608Addr
    main.o(.data) refers to main.o(.conststring) for .conststring
    system_stm32f10x.o(.text) refers to system_stm32f10x.o(.data) for .data
    led.o(.text) refers to stm32f10x_rcc.o(.text) for RCC_APB2PeriphClockCmd
    led.o(.text) refers to stm32f10x_gpio.o(.text) for GPIO_Init
    key.o(.text) refers to stm32f10x_rcc.o(.text) for RCC_APB2PeriphClockCmd
    key.o(.text) refers to stm32f10x_gpio.o(.text) for GPIO_Init
    key.o(.text) refers to delay.o(.text) for delay_ms
    key.o(.text) refers to key.o(.data) for .data
    oled.o(.text) refers to stm32f10x_rcc.o(.text) for RCC_APB2PeriphClockCmd
    oled.o(.text) refers to stm32f10x_gpio.o(.text) for GPIO_Init
    oled.o(.text) refers to delay.o(.text) for delay_ms
    oled.o(.text) refers to oled.o(.bss) for .bss
    oled.o(.text) refers to oled.o(.constdata) for .constdata
    button4_4.o(.text) refers to stm32f10x_rcc.o(.text) for RCC_APB2PeriphClockCmd
    button4_4.o(.text) refers to stm32f10x_gpio.o(.text) for GPIO_PinRemapConfig
    button4_4.o(.text) refers to delay.o(.text) for delay_ms
    button4_4.o(.text) refers to button4_4.o(.data) for .data
    walkmotor.o(.text) refers to stm32f10x_rcc.o(.text) for RCC_APB2PeriphClockCmd
    walkmotor.o(.text) refers to stm32f10x_gpio.o(.text) for GPIO_Init
    walkmotor.o(.text) refers to delay.o(.text) for delay_ms
    beep.o(.text) refers to stm32f10x_rcc.o(.text) for RCC_APB2PeriphClockCmd
    beep.o(.text) refers to stm32f10x_gpio.o(.text) for GPIO_Init
    beep.o(.text) refers to delay.o(.text) for delay_ms
    rtc.o(.text) refers to stm32f10x_rtc.o(.text) for RTC_GetCounter
    rtc.o(.text) refers to stm32f10x_rcc.o(.text) for RCC_APB1PeriphClockCmd
    rtc.o(.text) refers to stm32f10x_pwr.o(.text) for PWR_BackupAccessCmd
    rtc.o(.text) refers to stm32f10x_bkp.o(.text) for BKP_ReadBackupRegister
    rtc.o(.text) refers to delay.o(.text) for delay_ms
    rtc.o(.text) refers to misc.o(.text) for NVIC_Init
    rtc.o(.text) refers to printf8.o(i.__0printf$8) for __2printf
    rtc.o(.text) refers to rtc.o(.constdata) for .constdata
    rtc.o(.text) refers to rtc.o(.data) for .data
    rtc.o(.text) refers to rtc.o(.bss) for .bss
    rtc.o(.text) refers to main.o(.bss) for sys
    stmflash.o(.text) refers to stm32f10x_flash.o(.text) for FLASH_ProgramHalfWord
    stmflash.o(.text) refers to stmflash.o(.bss) for .bss
    usart2.o(.text) refers to stm32f10x_usart.o(.text) for USART_GetITStatus
    usart2.o(.text) refers to stm32f10x_tim.o(.text) for TIM_SetCounter
    usart2.o(.text) refers to stm32f10x_rcc.o(.text) for RCC_APB2PeriphClockCmd
    usart2.o(.text) refers to stm32f10x_gpio.o(.text) for GPIO_Init
    usart2.o(.text) refers to misc.o(.text) for NVIC_Init
    usart2.o(.text) refers to timer.o(.text) for TIM3_Int_Init
    usart2.o(.text) refers to printfa.o(i.__0vsprintf) for __c89vsprintf
    usart2.o(.text) refers to strlen.o(.text) for strlen
    usart2.o(.text) refers to usart2.o(.data) for .data
    usart2.o(.text) refers to usart2.o(.bss) for .bss
    timer.o(.text) refers to stm32f10x_rcc.o(.text) for RCC_APB1PeriphClockCmd
    timer.o(.text) refers to stm32f10x_tim.o(.text) for TIM_TimeBaseInit
    timer.o(.text) refers to misc.o(.text) for NVIC_Init
    timer.o(.text) refers to usart2.o(.data) for USART2_RX_STA
    as608.o(.text) refers to stm32f10x_rcc.o(.text) for RCC_APB2PeriphClockCmd
    as608.o(.text) refers to stm32f10x_gpio.o(.text) for GPIO_Init
    as608.o(.text) refers to delay.o(.text) for delay_ms
[...]
    ..\\CORE\\core_cm3.c                     0x00000000   Number         0  core_cm3.o ABSOLUTE
    ..\\SYSTEM\\sys\\sys.c                   0x00000000   Number         0  sys.o ABSOLUTE
    cdrcmple.s                               0x00000000   Number         0  cdrcmple.o ABSOLUTE
    dc.s                                     0x00000000   Number         0  dc.o ABSOLUTE
    handlers.s                               0x00000000   Number         0  handlers.o ABSOLUTE
    init.s                                   0x00000000   Number         0  init.o ABSOLUTE
    main.c                                   0x00000000   Number         0  main.o ABSOLUTE
    stm32f10x_it.c                           0x00000000   Number         0  stm32f10x_it.o ABSOLUTE
    system_stm32f10x.c                       0x00000000   Number         0  system_stm32f10x.o ABSOLUTE
    RESET                                    0x08000000   Section      304  startup_stm32f10x_hd.o(RESET)
    .ARM.Collect$$$$00000000                 0x08000130   Section        0  entry.o(.ARM.Collect$$$$00000000)
    .ARM.Collect$$$$00000001                 0x08000130   Section        4  entry2.o(.ARM.Collect$$$$00000001)
    .ARM.Collect$$$$00000004                 0x08000134   Section        4  entry5.o(.ARM.Collect$$$$00000004)
    .ARM.Collect$$$$00000008                 0x08000138   Section        0  entry7b.o(.ARM.Collect$$$$00000008)
    .ARM.Collect$$$$0000000A                 0x08000138   Section        0  entry8b.o(.ARM.Collect$$$$0000000A)
    .ARM.Collect$$$$0000000B                 0x08000138   Section        8  entry9a.o(.ARM.Collect$$$$0000000B)
    .ARM.Collect$$$$0000000D                 0x08000140   Section        0  entry10a.o(.ARM.Collect$$$$0000000D)
    .ARM.Collect$$$$0000000F                 0x08000140   Section        0  entry11a.o(.ARM.Collect$$$$0000000F)
    .ARM.Collect$$$$00002712                 0x08000140   Section        4  entry2.o(.ARM.Collect$$$$00002712)
    __lit__00000000                          0x08000140   Data           4  entry2.o(.ARM.Collect$$$$00002712)
    .text                                    0x08000144   Section        0  main.o(.text)
    .text                                    0x080018a4   Section        0  stm32f10x_it.o(.text)
    .text                                    0x080018b8   Section        0  system_stm32f10x.o(.text)
    .text                                    0x08001964   Section        0  oled.o(.text)
    .text                                    0x08002634   Section        0  button4_4.o(.text)
    .text                                    0x08002a8c   Section        0  walkmotor.o(.text)
    .text                                    0x08002be0   Section        0  beep.o(.text)
    .text                                    0x08002c68   Section        0  rtc.o(.text)
    .text                                    0x08003088   Section        0  stmflash.o(.text)
    .text                                    0x08003194   Section        0  usart2.o(.text)
    .text                                    0x080032f8   Section        0  timer.o(.text)
    .text                                    0x0800338c   Section        0  as608.o(.text)
    SendAddr                                 0x080033b3   Thumb Code    42  as608.o(.text)
    JudgeStr                                 0x080033dd   Thumb Code    98  as608.o(.text)
    MYUSART_SendData                         0x08003c4d   Thumb Code    16  as608.o(.text)
    SendHead                                 0x08003c5d   Thumb Code    16  as608.o(.text)
    SendLength                               0x08003c6d   Thumb Code    20  as608.o(.text)
    SendCheck                                0x08003c81   Thumb Code    18  as608.o(.text)
    .text                                    0x08003d0c   Section        0  delay.o(.text)
    .text                                    0x08003da4   Section        0  usart.o(.text)
    .text                                    0x08003ec4   Section       36  startup_stm32f10x_hd.o(.text)
    .text                                    0x08003ee8   Section        0  misc.o(.text)
    .text                                    0x08003f98   Section        0  stm32f10x_gpio.o(.text)
    .text                                    0x080041fc   Section        0  stm32f10x_rcc.o(.text)
    .text                                    0x080044b4   Section        0  stm32f10x_usart.o(.text)
    .text                                    0x080047dc   Section        0  stm32f10x_flash.o(.text)
    .text                                    0x08004c5c   Section        0  stm32f10x_rtc.o(.text)
    .text                                    0x08004d6c   Section        0  stm32f10x_tim.o(.text)
    TI2_Config                               0x080050ff   Thumb Code   166  stm32f10x_tim.o(.text)
    TI1_Config                               0x080051b5   Thumb Code    88  stm32f10x_tim.o(.text)
    .text                                    0x0800585c   Section        0  stm32f10x_bkp.o(.text)
    .text                                    0x080058f4   Section        0  stm32f10x_pwr.o(.text)
    .text                                    0x080059a0   Section        0  onenet.o(.text)
    .text                                    0x08005bdc   Section        0  mqttkit.o(.text)
    .text                                    0x080066e4   Section        0  esp8266.o(.text)
    .text                                    0x08006958   Section        0  memcpya.o(.text)
    .text                                    0x0800697c   Section        0  memseta.o(.text)
    .text                                    0x080069a0   Section        0  strcat.o(.text)
    .text                                    0x080069b8   Section        0  strstr.o(.text)
    .text                                    0x080069dc   Section        0  strchr.o(.text)
    .text                                    0x080069f0   Section        0  strlen.o(.text)
    .text                                    0x080069fe   Section        0  strncat.o(.text)
    .text                                    0x08006a26   Section        0  strcpy.o(.text)
    .text                                    0x08006a38   Section        0  atoi.o(.text)
    .text                                    0x08006a52   Section        0  uidiv.o(.text)
    .text                                    0x08006a7e   Section        0  uldiv.o(.text)
    .text                                    0x08006ae0   Section        0  strtol.o(.text)
    .text                                    0x08006b50   Section        0  dadd.o(.text)
    .text                                    0x08006b50   Section        0  iusefp.o(.text)
    .text                                    0x08006c9e   Section        0  dmul.o(.text)
    .text                                    0x08006d82   Section        0  ddiv.o(.text)
    .text                                    0x08006e60   Section        0  dfixul.o(.text)
    .text                                    0x08006e90   Section       48  cdrcmple.o(.text)
    .text                                    0x08006ec0   Section       36  init.o(.text)
    .text                                    0x08006ee4   Section        0  llshl.o(.text)
    .text                                    0x08006f02   Section        0  llushr.o(.text)
    .text                                    0x08006f22   Section        0  llsshr.o(.text)
    .text                                    0x08006f48   Section        0  ctype_o.o(.text)
    .text                                    0x08006f50   Section        0  _strtoul.o(.text)
    .text                                    0x08006fee   Section        0  depilogue.o(.text)
    .text                                    0x080070a8   Section        0  _chval.o(.text)
    i.__0printf$8                            0x080070c4   Section        0  printf8.o(i.__0printf$8)
    i.__0sprintf$8                           0x080070e4   Section        0  printf8.o(i.__0sprintf$8)
    i.__0vsnprintf                           0x0800710c   Section        0  printfa.o(i.__0vsnprintf)
    i.__0vsprintf                            0x08007138   Section        0  printfa.o(i.__0vsprintf)
    i.__aeabi_errno_addr                     0x0800715c   Section        0  errno.o(i.__aeabi_errno_addr)
    i.__scatterload_copy                     0x08007164   Section       14  handlers.o(i.__scatterload_copy)
    i.__scatterload_null                     0x08007172   Section        2  handlers.o(i.__scatterload_null)
    i.__scatterload_zeroinit                 0x08007174   Section       14  handlers.o(i.__scatterload_zeroinit)
    i._fp_digits                             0x08007184   Section        0  printfa.o(i._fp_digits)
    _fp_digits                               0x08007185   Thumb Code   366  printfa.o(i._fp_digits)
    i._printf_core                           0x08007308   Section        0  printf8.o(i._printf_core)
    _printf_core                             0x08007309   Thumb Code   996  printf8.o(i._printf_core)
    i._printf_core                           0x08007718   Section        0  printfa.o(i._printf_core)
    _printf_core                             0x08007719   Thumb Code  1744  printfa.o(i._printf_core)
    i._printf_post_padding                   0x08007df4   Section        0  printf8.o(i._printf_post_padding)
    _printf_post_padding                     0x08007df5   Thumb Code    36  printf8.o(i._printf_post_padding)
    i._printf_post_padding                   0x08007e18   Section        0  printfa.o(i._printf_post_padding)
    _printf_post_padding                     0x08007e19   Thumb Code    36  printfa.o(i._printf_post_padding)
    i._printf_pre_padding                    0x08007e3c   Section        0  printf8.o(i._printf_pre_padding)
    _printf_pre_padding                      0x08007e3d   Thumb Code    46  printf8.o(i._printf_pre_padding)
    i._printf_pre_padding                    0x08007e6a   Section        0  printfa.o(i._printf_pre_padding)
    _printf_pre_padding                      0x08007e6b   Thumb Code    46  printfa.o(i._printf_pre_padding)
    i._snputc                                0x08007e98   Section        0  printfa.o(i._snputc)
    _snputc                                  0x08007e99   Thumb Code    22  printfa.o(i._snputc)
    i._sputc                                 0x08007eae   Section        0  printf8.o(i._sputc)
    _sputc                                   0x08007eaf   Thumb Code    10  printf8.o(i._sputc)
    i._sputc                                 0x08007eb8   Section        0  printfa.o(i._sputc)
    _sputc                                   0x08007eb9   Thumb Code    10  printfa.o(i._sputc)
    i.free                                   0x08007ec4   Section        0  malloc.o(i.free)
    i.malloc                                 0x08007f14   Section        0  malloc.o(i.malloc)
    .constdata                               0x08007f80   Section    13034  oled.o(.constdata)
    .constdata                               0x0800b26a   Section       24  rtc.o(.constdata)
    .constdata                               0x0800b284   Section       16  onenet.o(.constdata)
    .constdata                               0x0800b294   Section      129  ctype_o.o(.constdata)
    .constdata                               0x0800b318   Section        4  ctype_o.o(.constdata)
    table                                    0x0800b318   Data           4  ctype_o.o(.constdata)
    .conststring                             0x0800b31c   Section      100  main.o(.conststring)
    .data                                    0x20000000   Section       76  main.o(.data)
    t                                        0x20000002   Data           1  main.o(.data)
    .data                                    0x2000004c   Section       20  system_stm32f10x.o(.data)
    .data                                    0x20000060   Section        5  button4_4.o(.data)
    .data                                    0x20000066   Section        2  rtc.o(.data)
    daycnt                                   0x20000066   Data           2  rtc.o(.data)
    .data                                    0x20000068   Section        2  usart2.o(.data)
    .data                                    0x2000006c   Section        4  as608.o(.data)
    .data                                    0x20000070   Section        4  delay.o(.data)
    fac_us                                   0x20000070   Data           1  delay.o(.data)
    fac_ms                                   0x20000072   Data           2  delay.o(.data)
    .data                                    0x20000074   Section        4  usart.o(.data)
    .data                                    0x20000078   Section       20  stm32f10x_rcc.o(.data)
    ADCPrescTable                            0x20000078   Data           4  stm32f10x_rcc.o(.data)
    APBAHBPrescTable                         0x2000007c   Data          16  stm32f10x_rcc.o(.data)
    .data                                    0x2000008c   Section        2  onenet.o(.data)
    .data                                    0x2000008e   Section        4  esp8266.o(.data)
    .data                                    0x20000094   Section        4  mvars.o(.data)
    .data                                    0x20000098   Section        4  mvars.o(.data)
    .data                                    0x2000009c   Section        4  errno.o(.data)
    _errno                                   0x2000009c   Data           4  errno.o(.data)
    .bss                                     0x200000a0   Section       92  main.o(.bss)
    .bss                                     0x200000fc   Section     1024  oled.o(.bss)
    .bss                                     0x200004fc   Section       10  rtc.o(.bss)
    .bss                                     0x20000506   Section     2048  stmflash.o(.bss)
    .bss                                     0x20000d08   Section      800  usart2.o(.bss)
    .bss                                     0x20001028   Section      255  onenet.o(.bss)
    .bss                                     0x20001127   Section      128  esp8266.o(.bss)
    HEAP                                     0x200011a8   Section      512  startup_stm32f10x_hd.o(HEAP)
    STACK                                    0x200013a8   Section     1024  startup_stm32f10x_hd.o(STACK)

    Global Symbols

    Symbol Name                              Value     Ov Type        Size  Object(Section)

    BuildAttributes$$THM_ISAv4$P$D$K$B$S$PE$A:L22UL41UL21$X:L11$S22US41US21$IEEE1$IW$USESV6$~STKCKD$USESV7$~SHL$OSPACE$ROPI$EBA8$MICROLIB$REQ8$PRES8$EABIv2 0x00000000   Number         0  anon$$obj.o ABSOLUTE
    __ARM_use_no_argv                        0x00000000   Number         0  main.o ABSOLUTE
    __use_no_errno                           0x00000000   Number         0  useno.o ABSOLUTE
    __use_no_exception_handling              0x00000000   Number         0  useno.o ABSOLUTE
    __use_no_fp                              0x00000000   Number         0  useno.o ABSOLUTE
    __use_no_heap                            0x00000000   Number         0  useno.o ABSOLUTE
    __use_no_heap_region                     0x00000000   Number         0  useno.o ABSOLUTE
    __use_no_semihosting                     0x00000000   Number         0  useno.o ABSOLUTE
    __use_no_semihosting_swi                 0x00000000   Number         0  useno.o ABSOLUTE
    __use_no_signal_handling                 0x00000000   Number         0  useno.o ABSOLUTE
    _printf_a                                0x00000000   Number         0  stubs.o ABSOLUTE
    _printf_c                                0x00000000   Number         0  stubs.o ABSOLUTE
    _printf_charcount                        0x00000000   Number         0  stubs.o ABSOLUTE
    _printf_d                                0x00000000   Number         0  stubs.o ABSOLUTE
    _printf_e                                0x00000000   Number         0  stubs.o ABSOLUTE
    _printf_f                                0x00000000   Number         0  stubs.o ABSOLUTE
    _printf_flags                            0x00000000   Number         0  stubs.o ABSOLUTE
    _printf_fp_dec                           0x00000000   Number         0  stubs.o ABSOLUTE
    _printf_fp_hex                           0x00000000   Number         0  stubs.o ABSOLUTE
    _printf_g                                0x00000000   Number         0  stubs.o ABSOLUTE
    _printf_i                                0x00000000   Number         0  stubs.o ABSOLUTE
    _printf_int_dec                          0x00000000   Number         0  stubs.o ABSOLUTE
    _printf_l                                0x00000000   Number         0  stubs.o ABSOLUTE
    _printf_lc                               0x00000000   Number         0  stubs.o ABSOLUTE
    _printf_ll                               0x00000000   Number         0  stubs.o ABSOLUTE
    _printf_lld                              0x00000000   Number         0  stubs.o ABSOLUTE
    _printf_lli                              0x00000000   Number         0  stubs.o ABSOLUTE
    _printf_llo                              0x00000000   Number         0  stubs.o ABSOLUTE
    _printf_llu                              0x00000000   Number         0  stubs.o ABSOLUTE
    _printf_llx                              0x00000000   Number         0  stubs.o ABSOLUTE
    _printf_longlong_dec                     0x00000000   Number         0  stubs.o ABSOLUTE
    _printf_longlong_hex                     0x00000000   Number         0  stubs.o ABSOLUTE
    _printf_longlong_oct                     0x00000000   Number         0  stubs.o ABSOLUTE
    _printf_ls                               0x00000000   Number         0  stubs.o ABSOLUTE
    _printf_mbtowc                           0x00000000   Number         0  stubs.o ABSOLUTE
    _printf_n                                0x00000000   Number         0  stubs.o ABSOLUTE
    _printf_o                                0x00000000   Number         0  stubs.o ABSOLUTE
    _printf_p                                0x00000000   Number         0  stubs.o ABSOLUTE
    _printf_percent                          0x00000000   Number         0  stubs.o ABSOLUTE
    _printf_pre_padding                      0x00000000   Number         0  stubs.o ABSOLUTE
    _printf_return_value                     0x00000000   Number         0  stubs.o ABSOLUTE
    _printf_s                                0x00000000   Number         0  stubs.o ABSOLUTE
    _printf_sizespec                         0x00000000   Number         0  stubs.o ABSOLUTE
    _printf_str                              0x00000000   Number         0  stubs.o ABSOLUTE
    _printf_truncate_signed                  0x00000000   Number         0  stubs.o ABSOLUTE
    _printf_truncate_unsigned                0x00000000   Number         0  stubs.o ABSOLUTE
    _printf_u                                0x00000000   Number         0  stubs.o ABSOLUTE
    _printf_wc                               0x00000000   Number         0  stubs.o ABSOLUTE
    _printf_wctomb                           0x00000000   Number         0  stubs.o ABSOLUTE
    _printf_widthprec                        0x00000000   Number         0  stubs.o ABSOLUTE
    _printf_x                                0x00000000   Number         0  stubs.o ABSOLUTE
    __cpp_initialize__aeabi_                  - Undefined Weak Reference
    __cxa_finalize                            - Undefined Weak Reference
    __decompress                              - Undefined Weak Reference
    _clock_init                               - Undefined Weak Reference
    _microlib_exit                            - Undefined Weak Reference
    __Vectors_Size                           0x00000130   Number         0  startup_stm32f10x_hd.o ABSOLUTE
    __Vectors                                0x08000000   Data           4  startup_stm32f10x_hd.o(RESET)
    __Vectors_End                            0x08000130   Data           0  startup_stm32f10x_hd.o(RESET)
    __main                                   0x08000131   Thumb Code     0  entry.o(.ARM.Collect$$$$00000000)
    _main_stk                                0x08000131   Thumb Code     0  entry2.o(.ARM.Collect$$$$00000001)
    _main_scatterload                        0x08000135   Thumb Code     0  entry5.o(.ARM.Collect$$$$00000004)
    __main_after_scatterload                 0x08000139   Thumb Code     0  entry5.o(.ARM.Collect$$$$00000004)
    _main_clock                              0x08000139   Thumb Code     0  entry7b.o(.ARM.Collect$$$$00000008)
    _main_cpp_init                           0x08000139   Thumb Code     0  entry8b.o(.ARM.Collect$$$$0000000A)
    _main_init                               0x08000139   Thumb Code     0  entry9a.o(.ARM.Collect$$$$0000000B)
    __rt_final_cpp                           0x08000141   Thumb Code     0  entry10a.o(.ARM.Collect$$$$0000000D)
    __rt_final_exit                          0x08000141   Thumb Code     0  entry11a.o(.ARM.Collect$$$$0000000F)
    DisUnLock                                0x08000145   Thumb Code    70  main.o(.text)
    DisLock                                  0x0800018b   Thumb Code    80  main.o(.text)
    Massige                                  0x080001db   Thumb Code    62  main.o(.text)
    Set_Time                                 0x08000219   Thumb Code   642  main.o(.text)
    SetPassworld                             0x0800049b   Thumb Code   808  main.o(.text)
    ShowErrMessage                           0x080007c3   Thumb Code    60  main.o(.text)
    GET_NUM                                  0x080007ff   Thumb Code   166  main.o(.text)
    Del_FR                                   0x080008a5   Thumb Code   212  main.o(.text)
    Add_FR                                   0x08000979   Thumb Code   996  main.o(.text)
    DisErrCnt                                0x08000d5d   Thumb Code   196  main.o(.text)
    password                                 0x08000e21   Thumb Code   564  main.o(.text)
    press_FR                                 0x08001055   Thumb Code   462  main.o(.text)
    Display_Data                             0x08001223   Thumb Code   120  main.o(.text)
    SysPartInit                              0x0800129b   Thumb Code    80  main.o(.text)
    starting                                 0x080012eb   Thumb Code   322  main.o(.text)
    main                                     0x0800142d   Thumb Code  1086  main.o(.text)
    Setkey                                   0x0800186b   Thumb Code    18  main.o(.text)
    NMI_Handler                              0x080018a5   Thumb Code     2  stm32f10x_it.o(.text)
    HardFault_Handler                        0x080018a7   Thumb Code     2  stm32f10x_it.o(.text)
    MemManage_Handler                        0x080018a9   Thumb Code     2  stm32f10x_it.o(.text)
    BusFault_Handler                         0x080018ab   Thumb Code     2  stm32f10x_it.o(.text)
    UsageFault_Handler                       0x080018ad   Thumb Code     2  stm32f10x_it.o(.text)
    SVC_Handler                              0x080018af   Thumb Code     2  stm32f10x_it.o(.text)
    DebugMon_Handler                         0x080018b1   Thumb Code     2  stm32f10x_it.o(.text)
    PendSV_Handler                           0x080018b3   Thumb Code     2  stm32f10x_it.o(.text)
    SysTick_Handler                          0x080018b5   Thumb Code     2  stm32f10x_it.o(.text)
    SystemInit                               0x080018b9   Thumb Code    56  system_stm32f10x.o(.text)
    SystemCoreClockUpdate                    0x080018f1   Thumb Code    86  system_stm32f10x.o(.text)
    OLED_WR_Byte                             0x08001965   Thumb Code    64  oled.o(.text)
    OLED_Refresh_Gram                        0x080019a5   Thumb Code    66  oled.o(.text)
    OLED_Display_On                          0x080019e7   Thumb Code    28  oled.o(.text)
    OLED_Display_Off                         0x08001a03   Thumb Code    28  oled.o(.text)
    OLED_Clear                               0x08001a1f   Thumb Code    36  oled.o(.text)
    OLED_Clear_NOupdate                      0x08001a43   Thumb Code    36  oled.o(.text)
    OLED_DrawPoint                           0x08001a67   Thumb Code    54  oled.o(.text)
    OLED_Fill                                0x08001a9d   Thumb Code    52  oled.o(.text)
    OLED_ShowChar                            0x08001ad1   Thumb Code   164  oled.o(.text)
    mypow                                    0x08001b75   Thumb Code    16  oled.o(.text)
    OLED_ShowNum                             0x08001b85   Thumb Code   118  oled.o(.text)
    OLED_ShowString                          0x08001bfb   Thumb Code    86  oled.o(.text)
    OLED_Init                                0x08001c51   Thumb Code   354  oled.o(.text)
    Gui_DrawFont_GBK24                       0x08001db3   Thumb Code   390  oled.o(.text)
    Gui_DrawFont_GBK16                       0x08001f39   Thumb Code   266  oled.o(.text)
    Gui_DrawFont_GBK12                       0x08002043   Thumb Code   266  oled.o(.text)
    Show_Str                                 0x0800214d   Thumb Code   190  oled.o(.text)
    OLED_Show_Font                           0x0800220b   Thumb Code    96  oled.o(.text)
    OLED_Show_Image                          0x0800226b   Thumb Code    90  oled.o(.text)
    LCD_BGR2RGB                              0x080022c5   Thumb Code    18  oled.o(.text)
    Gui_Circle                               0x080022d7   Thumb Code   350  oled.o(.text)
    Gui_DrawLine                             0x08002435   Thumb Code   164  oled.o(.text)
    Gui_box                                  0x080024d9   Thumb Code   118  oled.o(.text)
    Gui_box2                                 0x0800254f   Thumb Code   222  oled.o(.text)
    DisplayButtonDown                        0x0800262d   Thumb Code     2  oled.o(.text)
    DisplayButtonUp                          0x0800262f   Thumb Code     2  oled.o(.text)
    Gui_DrawFont_Num32                       0x08002631   Thumb Code     2  oled.o(.text)
    Button4_4_Init                           0x08002635   Thumb Code   204  button4_4.o(.text)
    Button4_4_Scan                           0x08002701   Thumb Code   906  button4_4.o(.text)
    Walkmotor_Init                           0x08002a8d   Thumb Code    74  walkmotor.o(.text)
    Walkmotor_ON                             0x08002ad7   Thumb Code   126  walkmotor.o(.text)
    Walkmotor_OFF                            0x08002b55   Thumb Code   122  walkmotor.o(.text)
    BEEP_Init                                0x08002be1   Thumb Code    50  beep.o(.text)
    beep_on_mode1                            0x08002c13   Thumb Code    36  beep.o(.text)
    beep_on_mode2                            0x08002c37   Thumb Code    46  beep.o(.text)
    RTC_Get_Week                             0x08002c69   Thumb Code    76  rtc.o(.text)
    Is_Leap_Year                             0x08002cb5   Thumb Code    38  rtc.o(.text)
    RTC_Get                                  0x08002cdb   Thumb Code   204  rtc.o(.text)
    RTC_Set                                  0x08002da7   Thumb Code   190  rtc.o(.text)
    RTC_Init                                 0x08002e65   Thumb Code   216  rtc.o(.text)
    RTC_IRQHandler                           0x08002f3d   Thumb Code    84  rtc.o(.text)
    RTC_Alarm_Set                            0x08002f91   Thumb Code   188  rtc.o(.text)
    STMFLASH_ReadHalfWord                    0x08003089   Thumb Code     4  stmflash.o(.text)
    STMFLASH_Write_NoCheck                   0x0800308d   Thumb Code    38  stmflash.o(.text)
    STMFLASH_Read                            0x080030b3   Thumb Code    24  stmflash.o(.text)
    STMFLASH_Write                           0x080030cb   Thumb Code   186  stmflash.o(.text)
    Test_Write                               0x08003185   Thumb Code    12  stmflash.o(.text)
    USART2_IRQHandler                        0x08003195   Thumb Code    80  usart2.o(.text)
    usart2_init                              0x080031e5   Thumb Code   184  usart2.o(.text)
    u2_printf                                0x0800329d   Thumb Code    68  usart2.o(.text)
    TIM3_Int_Init                            0x080032f9   Thumb Code    90  timer.o(.text)
    TIM3_IRQHandler                          0x08003353   Thumb Code    48  timer.o(.text)
    PS_StaGPIO_Init                          0x0800338d   Thumb Code    38  as608.o(.text)
    PS_GetImage                              0x0800343f   Thumb Code    52  as608.o(.text)
    PS_GenChar                               0x08003473   Thumb Code    60  as608.o(.text)
    PS_Match                                 0x080034af   Thumb Code    52  as608.o(.text)
    PS_Search                                0x080034e3   Thumb Code   132  as608.o(.text)
    PS_RegModel                              0x08003567   Thumb Code    52  as608.o(.text)
    PS_StoreChar                             0x0800359b   Thumb Code    82  as608.o(.text)
    PS_DeletChar                             0x080035ed   Thumb Code    94  as608.o(.text)
    PS_Empty                                 0x0800364b   Thumb Code    52  as608.o(.text)
    EnsureMessage                            0x0800367f   Thumb Code   126  as608.o(.text)
    PS_WriteReg                              0x080036fd   Thumb Code    96  as608.o(.text)
    PS_ReadSysPara                           0x0800375d   Thumb Code   636  as608.o(.text)
    PS_SetAddr                               0x080039d9   Thumb Code   130  as608.o(.text)
    PS_WriteNotepad                          0x08003a5b   Thumb Code    90  as608.o(.text)
    PS_ReadNotepad                           0x08003ab5   Thumb Code    82  as608.o(.text)
    PS_HighSpeedSearch                       0x08003b07   Thumb Code   130  as608.o(.text)
    PS_ValidTempleteNum                      0x08003b89   Thumb Code    96  as608.o(.text)
    PS_HandShake                             0x08003be9   Thumb Code   100  as608.o(.text)
    delay_init                               0x08003d0d   Thumb Code    46  delay.o(.text)
    delay_us                                 0x08003d3b   Thumb Code    46  delay.o(.text)
    delay_ms                                 0x08003d69   Thumb Code    46  delay.o(.text)
    _sys_exit                                0x08003da5   Thumb Code     2  usart.o(.text)
    fputc                                    0x08003da7   Thumb Code    18  usart.o(.text)
    uart_init                                0x08003db9   Thumb Code   152  usart.o(.text)
    Usart_SendString                         0x08003e51   Thumb Code    48  usart.o(.text)
    UsartPrintf                              0x08003e81   Thumb Code    60  usart.o(.text)
    Reset_Handler                            0x08003ec5   Thumb Code     8  startup_stm32f10x_hd.o(.text)
    ADC1_2_IRQHandler                        0x08003edf   Thumb Code     0  startup_stm32f10x_hd.o(.text)
    ADC3_IRQHandler                          0x08003edf   Thumb Code     0  startup_stm32f10x_hd.o(.text)
    CAN1_RX1_IRQHandler                      0x08003edf   Thumb Code     0  startup_stm32f10x_hd.o(.text)
    CAN1_SCE_IRQHandler                      0x08003edf   Thumb Code     0  startup_stm32f10x_hd.o(.text)
    DMA1_Channel1_IRQHandler                 0x08003edf   Thumb Code     0  startup_stm32f10x_hd.o(.text)
    DMA1_Channel2_IRQHandler                 0x08003edf   Thumb Code     0  startup_stm32f10x_hd.o(.text)
    DMA1_Channel3_IRQHandler                 0x08003edf   Thumb Code     0  startup_stm32f10x_hd.o(.text)
    DMA1_Channel4_IRQHandler                 0x08003edf   Thumb Code     0  startup_stm32f10x_hd.o(.text)
    DMA1_Channel5_IRQHandler                 0x08003edf   Thumb Code     0  startup_stm32f10x_hd.o(.text)
    DMA1_Channel6_IRQHandler                 0x08003edf   Thumb Code     0  startup_stm32f10x_hd.o(.text)
    DMA1_Channel7_IRQHandler                 0x08003edf   Thumb Code     0  startup_stm32f10x_hd.o(.text)
    DMA2_Channel1_IRQHandler                 0x08003edf   Thumb Code     0  startup_stm32f10x_hd.o(.text)
    DMA2_Channel2_IRQHandler                 0x08003edf   Thumb Code     0  startup_stm32f10x_hd.o(.text)
    DMA2_Channel3_IRQHandler                 0x08003edf   Thumb Code     0  startup_stm32f10x_hd.o(.text)
    DMA2_Channel4_5_IRQHandler               0x08003edf   Thumb Code     0  startup_stm32f10x_hd.o(.text)
    EXTI0_IRQHandler                         0x08003edf   Thumb Code     0  startup_stm32f10x_hd.o(.text)
    EXTI15_10_IRQHandler                     0x08003edf   Thumb Code     0  startup_stm32f10x_hd.o(.text)
    EXTI1_IRQHandler                         0x08003edf   Thumb Code     0  startup_stm32f10x_hd.o(.text)
    EXTI2_IRQHandler                         0x08003edf   Thumb Code     0  startup_stm32f10x_hd.o(.text)
    EXTI3_IRQHandler                         0x08003edf   Thumb Code     0  startup_stm32f10x_hd.o(.text)
    EXTI4_IRQHandler                         0x08003edf   Thumb Code     0  startup_stm32f10x_hd.o(.text)
    EXTI9_5_IRQHandler                       0x08003edf   Thumb Code     0  startup_stm32f10x_hd.o(.text)
    FLASH_IRQHandler                         0x08003edf   Thumb Code     0  startup_stm32f10x_hd.o(.text)
    FSMC_IRQHandler                          0x08003edf   Thumb Code     0  startup_stm32f10x_hd.o(.text)
    I2C1_ER_IRQHandler                       0x08003edf   Thumb Code     0  startup_stm32f10x_hd.o(.text)
    I2C1_EV_IRQHandler                       0x08003edf   Thumb Code     0  startup_stm32f10x_hd.o(.text)
    I2C2_ER_IRQHandler                       0x08003edf   Thumb Code     0  startup_stm32f10x_hd.o(.text)
    I2C2_EV_IRQHandler                       0x08003edf   Thumb Code     0  startup_stm32f10x_hd.o(.text)
    PVD_IRQHandler                           0x08003edf   Thumb Code     0  startup_stm32f10x_hd.o(.text)
    RCC_IRQHandler                           0x08003edf   Thumb Code     0  startup_stm32f10x_hd.o(.text)
    RTCAlarm_IRQHandler                      0x08003edf   Thumb Code     0  startup_stm32f10x_hd.o(.text)
    SDIO_IRQHandler                          0x08003edf   Thumb Code     0  startup_stm32f10x_hd.o(.text)
    SPI1_IRQHandler                          0x08003edf   Thumb Code     0  startup_stm32f10x_hd.o(.text)
    SPI2_IRQHandler                          0x08003edf   Thumb Code     0  startup_stm32f10x_hd.o(.text)
    SPI3_IRQHandler                          0x08003edf   Thumb Code     0  startup_stm32f10x_hd.o(.text)
    TAMPER_IRQHandler                        0x08003edf   Thumb Code     0  startup_stm32f10x_hd.o(.text)
    TIM1_BRK_IRQHandler                      0x08003edf   Thumb Code     0  startup_stm32f10x_hd.o(.text)
    TIM1_CC_IRQHandler                       0x08003edf   Thumb Code     0  startup_stm32f10x_hd.o(.text)
    TIM1_TRG_COM_IRQHandler                  0x08003edf   Thumb Code     0  startup_stm32f10x_hd.o(.text)
    TIM1_UP_IRQHandler                       0x08003edf   Thumb Code     0  startup_stm32f10x_hd.o(.text)
    TIM2_IRQHandler                          0x08003edf   Thumb Code     0  startup_stm32f10x_hd.o(.text)
    TIM4_IRQHandler                          0x08003edf   Thumb Code     0  startup_stm32f10x_hd.o(.text)
    TIM5_IRQHandler                          0x08003edf   Thumb Code     0  startup_stm32f10x_hd.o(.text)
    TIM6_IRQHandler                          0x08003edf   Thumb Code     0  startup_stm32f10x_hd.o(.text)
    TIM7_IRQHandler                          0x08003edf   Thumb Code     0  startup_stm32f10x_hd.o(.text)
    TIM8_BRK_IRQHandler                      0x08003edf   Thumb Code     0  startup_stm32f10x_hd.o(.text)
    TIM8_CC_IRQHandler                       0x08003edf   Thumb Code     0  startup_stm32f10x_hd.o(.text)
    TIM8_TRG_COM_IRQHandler                  0x08003edf   Thumb Code     0  startup_stm32f10x_hd.o(.text)
    TIM8_UP_IRQHandler                       0x08003edf   Thumb Code     0  startup_stm32f10x_hd.o(.text)
    UART4_IRQHandler                         0x08003edf   Thumb Code     0  startup_stm32f10x_hd.o(.text)
    UART5_IRQHandler                         0x08003edf   Thumb Code     0  startup_stm32f10x_hd.o(.text)
    USART3_IRQHandler                        0x08003edf   Thumb Code     0  startup_stm32f10x_hd.o(.text)
    USBWakeUp_IRQHandler                     0x08003edf   Thumb Code     0  startup_stm32f10x_hd.o(.text)
    USB_HP_CAN1_TX_IRQHandler                0x08003edf   Thumb Code     0  startup_stm32f10x_hd.o(.text)
    USB_LP_CAN1_RX0_IRQHandler               0x08003edf   Thumb Code     0  startup_stm32f10x_hd.o(.text)
    WWDG_IRQHandler                          0x08003edf   Thumb Code     0  startup_stm32f10x_hd.o(.text)
    NVIC_PriorityGroupConfig                 0x08003ee9   Thumb Code    10  misc.o(.text)
    NVIC_Init                                0x08003ef3   Thumb Code    94  misc.o(.text)
    NVIC_SetVectorTable                      0x08003f51   Thumb Code    14  misc.o(.text)
    NVIC_SystemLPConfig                      0x08003f5f   Thumb Code    20  misc.o(.text)
    SysTick_CLKSourceConfig                  0x08003f73   Thumb Code    24  misc.o(.text)
    GPIO_DeInit                              0x08003f99   Thumb Code   152  stm32f10x_gpio.o(.text)
    GPIO_AFIODeInit                          0x08004031   Thumb Code    22  stm32f10x_gpio.o(.text)
    GPIO_Init                                0x08004047   Thumb Code   156  stm32f10x_gpio.o(.text)
    GPIO_StructInit                          0x080040e3   Thumb Code    16  stm32f10x_gpio.o(.text)
    GPIO_ReadInputDataBit                    0x080040f3   Thumb Code    14  stm32f10x_gpio.o(.text)
    GPIO_ReadInputData                       0x08004101   Thumb Code     6  stm32f10x_gpio.o(.text)
    GPIO_ReadOutputDataBit                   0x08004107   Thumb Code    14  stm32f10x_gpio.o(.text)
    GPIO_ReadOutputData                      0x08004115   Thumb Code     6  stm32f10x_gpio.o(.text)
    GPIO_SetBits                             0x0800411b   Thumb Code     4  stm32f10x_gpio.o(.text)
    GPIO_ResetBits                           0x0800411f   Thumb Code     4  stm32f10x_gpio.o(.text)
    GPIO_WriteBit                            0x08004123   Thumb Code    10  stm32f10x_gpio.o(.text)
    GPIO_Write                               0x0800412d   Thumb Code     4  stm32f10x_gpio.o(.text)
    GPIO_PinLockConfig                       0x08004131   Thumb Code    16  stm32f10x_gpio.o(.text)
    GPIO_EventOutputConfig                   0x08004141   Thumb Code    22  stm32f10x_gpio.o(.text)
    GPIO_EventOutputCmd                      0x08004157   Thumb Code     6  stm32f10x_gpio.o(.text)
    GPIO_PinRemapConfig                      0x0800415d   Thumb Code    82  stm32f10x_gpio.o(.text)
    GPIO_EXTILineConfig                      0x080041af   Thumb Code    34  stm32f10x_gpio.o(.text)
    GPIO_ETH_MediaInterfaceConfig            0x080041d1   Thumb Code     8  stm32f10x_gpio.o(.text)
    RCC_DeInit                               0x080041fd   Thumb Code    50  stm32f10x_rcc.o(.text)
    RCC_HSEConfig                            0x0800422f   Thumb Code    48  stm32f10x_rcc.o(.text)
    RCC_GetFlagStatus                        0x0800425f   Thumb Code    42  stm32f10x_rcc.o(.text)
    RCC_WaitForHSEStartUp                    0x08004289   Thumb Code    44  stm32f10x_rcc.o(.text)
    RCC_AdjustHSICalibrationValue            0x080042b5   Thumb Code    16  stm32f10x_rcc.o(.text)
    RCC_HSICmd                               0x080042c5   Thumb Code     6  stm32f10x_rcc.o(.text)
    RCC_PLLConfig                            0x080042cb   Thumb Code    16  stm32f10x_rcc.o(.text)
    RCC_PLLCmd                               0x080042db   Thumb Code     6  stm32f10x_rcc.o(.text)
    RCC_SYSCLKConfig                         0x080042e1   Thumb Code    14  stm32f10x_rcc.o(.text)
    RCC_GetSYSCLKSource                      0x080042ef   Thumb Code    10  stm32f10x_rcc.o(.text)
    RCC_HCLKConfig                           0x080042f9   Thumb Code    14  stm32f10x_rcc.o(.text)
    RCC_PCLK1Config                          0x08004307   Thumb Code    14  stm32f10x_rcc.o(.text)
    RCC_PCLK2Config                          0x08004315   Thumb Code    16  stm32f10x_rcc.o(.text)
    RCC_ITConfig                             0x08004325   Thumb Code    18  stm32f10x_rcc.o(.text)
    RCC_USBCLKConfig                         0x08004337   Thumb Code     8  stm32f10x_rcc.o(.text)
    RCC_ADCCLKConfig                         0x0800433f   Thumb Code    14  stm32f10x_rcc.o(.text)
    RCC_LSEConfig                            0x0800434d   Thumb Code    28  stm32f10x_rcc.o(.text)
    RCC_LSICmd                               0x08004369   Thumb Code     6  stm32f10x_rcc.o(.text)
    RCC_RTCCLKConfig                         0x0800436f   Thumb Code    10  stm32f10x_rcc.o(.text)
    RCC_RTCCLKCmd                            0x08004379   Thumb Code     8  stm32f10x_rcc.o(.text)
    RCC_GetClocksFreq                        0x08004381   Thumb Code   132  stm32f10x_rcc.o(.text)
    RCC_AHBPeriphClockCmd                    0x08004405   Thumb Code    18  stm32f10x_rcc.o(.text)
    RCC_APB2PeriphClockCmd                   0x08004417   Thumb Code    18  stm32f10x_rcc.o(.text)
    RCC_APB1PeriphClockCmd                   0x08004429   Thumb Code    18  stm32f10x_rcc.o(.text)
    RCC_APB2PeriphResetCmd                   0x0800443b   Thumb Code    18  stm32f10x_rcc.o(.text)
    RCC_APB1PeriphResetCmd                   0x0800444d   Thumb Code    18  stm32f10x_rcc.o(.text)
    RCC_BackupResetCmd                       0x0800445f   Thumb Code     8  stm32f10x_rcc.o(.text)
    RCC_ClockSecuritySystemCmd               0x08004467   Thumb Code     6  stm32f10x_rcc.o(.text)
    RCC_MCOConfig                            0x0800446d   Thumb Code     6  stm32f10x_rcc.o(.text)
    RCC_ClearFlag                            0x08004473   Thumb Code    12  stm32f10x_rcc.o(.text)
    RCC_GetITStatus                          0x0800447f   Thumb Code    16  stm32f10x_rcc.o(.text)
    RCC_ClearITPendingBit                    0x0800448f   Thumb Code     6  stm32f10x_rcc.o(.text)
    USART_DeInit                             0x080044b5   Thumb Code    96  stm32f10x_usart.o(.text)
    USART_Init                               0x08004515   Thumb Code   166  stm32f10x_usart.o(.text)
    USART_StructInit                         0x080045bb   Thumb Code    22  stm32f10x_usart.o(.text)
    USART_ClockInit                          0x080045d1   Thumb Code    30  stm32f10x_usart.o(.text)
    USART_ClockStructInit                    0x080045ef   Thumb Code    12  stm32f10x_usart.o(.text)
    USART_Cmd                                0x080045fb   Thumb Code    20  stm32f10x_usart.o(.text)
    USART_ITConfig                           0x0800460f   Thumb Code    48  stm32f10x_usart.o(.text)
    USART_DMACmd                             0x0800463f   Thumb Code    16  stm32f10x_usart.o(.text)
    USART_SetAddress                         0x0800464f   Thumb Code    16  stm32f10x_usart.o(.text)
    USART_WakeUpConfig                       0x0800465f   Thumb Code    16  stm32f10x_usart.o(.text)
    USART_ReceiverWakeUpCmd                  0x0800466f   Thumb Code    20  stm32f10x_usart.o(.text)
    USART_LINBreakDetectLengthConfig         0x08004683   Thumb Code    16  stm32f10x_usart.o(.text)
    USART_LINCmd                             0x08004693   Thumb Code    20  stm32f10x_usart.o(.text)
    USART_SendData                           0x080046a7   Thumb Code     8  stm32f10x_usart.o(.text)
    USART_ReceiveData                        0x080046af   Thumb Code     8  stm32f10x_usart.o(.text)
    USART_SendBreak                          0x080046b7   Thumb Code    10  stm32f10x_usart.o(.text)
    USART_SetGuardTime                       0x080046c1   Thumb Code    16  stm32f10x_usart.o(.text)
    USART_SetPrescaler                       0x080046d1   Thumb Code    16  stm32f10x_usart.o(.text)
    USART_SmartCardCmd                       0x080046e1   Thumb Code    20  stm32f10x_usart.o(.text)
    USART_SmartCardNACKCmd                   0x080046f5   Thumb Code    20  stm32f10x_usart.o(.text)
    USART_HalfDuplexCmd                      0x08004709   Thumb Code    20  stm32f10x_usart.o(.text)
    USART_OverSampling8Cmd                   0x0800471d   Thumb Code    20  stm32f10x_usart.o(.text)
    USART_OneBitMethodCmd                    0x08004731   Thumb Code    20  stm32f10x_usart.o(.text)
    USART_IrDAConfig                         0x08004745   Thumb Code    16  stm32f10x_usart.o(.text)
    USART_IrDACmd                            0x08004755   Thumb Code    20  stm32f10x_usart.o(.text)
    USART_GetFlagStatus                      0x08004769   Thumb Code    14  stm32f10x_usart.o(.text)
    USART_ClearFlag                          0x08004777   Thumb Code     6  stm32f10x_usart.o(.text)
    USART_GetITStatus                        0x0800477d   Thumb Code    62  stm32f10x_usart.o(.text)
    USART_ClearITPendingBit                  0x080047bb   Thumb Code    12  stm32f10x_usart.o(.text)
    FLASH_SetLatency                         0x080047dd   Thumb Code    14  stm32f10x_flash.o(.text)
    FLASH_HalfCycleAccessCmd                 0x080047eb   Thumb Code    18  stm32f10x_flash.o(.text)
    FLASH_PrefetchBufferCmd                  0x080047fd   Thumb Code    18  stm32f10x_flash.o(.text)
    FLASH_Unlock                             0x0800480f   Thumb Code    12  stm32f10x_flash.o(.text)
    FLASH_UnlockBank1                        0x0800481b   Thumb Code    12  stm32f10x_flash.o(.text)
    FLASH_Lock                               0x08004827   Thumb Code    12  stm32f10x_flash.o(.text)
    FLASH_LockBank1                          0x08004833   Thumb Code    12  stm32f10x_flash.o(.text)
    FLASH_GetBank1Status                     0x0800483f   Thumb Code    34  stm32f10x_flash.o(.text)
    FLASH_WaitForLastOperation               0x08004861   Thumb Code    34  stm32f10x_flash.o(.text)
    FLASH_ErasePage                          0x08004883   Thumb Code    56  stm32f10x_flash.o(.text)
    FLASH_EraseAllPages                      0x080048bb   Thumb Code    52  stm32f10x_flash.o(.text)
    FLASH_WaitForLastBank1Operation          0x080048ef   Thumb Code    34  stm32f10x_flash.o(.text)
    FLASH_EraseAllBank1Pages                 0x08004911   Thumb Code    52  stm32f10x_flash.o(.text)
    FLASH_GetReadOutProtectionStatus         0x08004945   Thumb Code    14  stm32f10x_flash.o(.text)
    FLASH_EraseOptionBytes                   0x08004953   Thumb Code   108  stm32f10x_flash.o(.text)
    FLASH_ProgramWord                        0x080049bf   Thumb Code    72  stm32f10x_flash.o(.text)
    FLASH_ProgramHalfWord                    0x08004a07   Thumb Code    48  stm32f10x_flash.o(.text)
    FLASH_ProgramOptionByteData              0x08004a37   Thumb Code    62  stm32f10x_flash.o(.text)
    FLASH_EnableWriteProtection              0x08004a75   Thumb Code   158  stm32f10x_flash.o(.text)
    FLASH_ReadOutProtection                  0x08004b13   Thumb Code   118  stm32f10x_flash.o(.text)
    FLASH_UserOptionByteConfig               0x08004b89   Thumb Code    92  stm32f10x_flash.o(.text)
    FLASH_GetUserOptionByte                  0x08004be5   Thumb Code     8  stm32f10x_flash.o(.text)
    FLASH_GetWriteProtectionOptionByte       0x08004bed   Thumb Code     6  stm32f10x_flash.o(.text)
    FLASH_GetPrefetchBufferStatus            0x08004bf3   Thumb Code    14  stm32f10x_flash.o(.text)
    FLASH_ITConfig                           0x08004c01   Thumb Code    18  stm32f10x_flash.o(.text)
    FLASH_GetFlagStatus                      0x08004c13   Thumb Code    28  stm32f10x_flash.o(.text)
    FLASH_ClearFlag                          0x08004c2f   Thumb Code     6  stm32f10x_flash.o(.text)
    FLASH_GetStatus                          0x08004c35   Thumb Code    34  stm32f10x_flash.o(.text)
    RTC_ITConfig                             0x08004c5d   Thumb Code    18  stm32f10x_rtc.o(.text)
    RTC_EnterConfigMode                      0x08004c6f   Thumb Code    14  stm32f10x_rtc.o(.text)
    RTC_ExitConfigMode                       0x08004c7d   Thumb Code    14  stm32f10x_rtc.o(.text)
    RTC_GetCounter                           0x08004c8b   Thumb Code    18  stm32f10x_rtc.o(.text)
    RTC_SetCounter                           0x08004c9d   Thumb Code    26  stm32f10x_rtc.o(.text)
    RTC_SetPrescaler                         0x08004cb7   Thumb Code    28  stm32f10x_rtc.o(.text)
    RTC_SetAlarm                             0x08004cd3   Thumb Code    26  stm32f10x_rtc.o(.text)
    RTC_GetDivider                           0x08004ced   Thumb Code    20  stm32f10x_rtc.o(.text)
    RTC_WaitForLastTask                      0x08004d01   Thumb Code    12  stm32f10x_rtc.o(.text)
    RTC_WaitForSynchro                       0x08004d0d   Thumb Code    20  stm32f10x_rtc.o(.text)
    RTC_GetFlagStatus                        0x08004d21   Thumb Code    18  stm32f10x_rtc.o(.text)
    RTC_ClearFlag                            0x08004d33   Thumb Code    12  stm32f10x_rtc.o(.text)
    RTC_GetITStatus                          0x08004d3f   Thumb Code    28  stm32f10x_rtc.o(.text)
    RTC_ClearITPendingBit                    0x08004d5b   Thumb Code    12  stm32f10x_rtc.o(.text)
    TIM_DeInit                               0x08004d6d   Thumb Code   304  stm32f10x_tim.o(.text)
    TIM_TimeBaseInit                         0x08004e9d   Thumb Code   114  stm32f10x_tim.o(.text)
    TIM_OC1Init                              0x08004f0f   Thumb Code   106  stm32f10x_tim.o(.text)
    TIM_OC2Init                              0x08004f79   Thumb Code   120  stm32f10x_tim.o(.text)
    TIM_OC3Init                              0x08004ff1   Thumb Code   116  stm32f10x_tim.o(.text)
    TIM_OC4Init                              0x08005065   Thumb Code    90  stm32f10x_tim.o(.text)
    TIM_SetIC4Prescaler                      0x080050bf   Thumb Code    24  stm32f10x_tim.o(.text)
    TIM_SetIC3Prescaler                      0x080050d7   Thumb Code    16  stm32f10x_tim.o(.text)
    TIM_SetIC2Prescaler                      0x080050e7   Thumb Code    24  stm32f10x_tim.o(.text)
    TIM_SetIC1Prescaler                      0x080051a5   Thumb Code    16  stm32f10x_tim.o(.text)
    TIM_ICInit                               0x0800520d   Thumb Code   270  stm32f10x_tim.o(.text)
    TIM_PWMIConfig                           0x0800531b   Thumb Code   104  stm32f10x_tim.o(.text)
    TIM_BDTRConfig                           0x08005383   Thumb Code    34  stm32f10x_tim.o(.text)
    TIM_TimeBaseStructInit                   0x080053a5   Thumb Code    18  stm32f10x_tim.o(.text)
    TIM_OCStructInit                         0x080053b7   Thumb Code    20  stm32f10x_tim.o(.text)
    TIM_ICStructInit                         0x080053cb   Thumb Code    16  stm32f10x_tim.o(.text)
    TIM_BDTRStructInit                       0x080053db   Thumb Code    18  stm32f10x_tim.o(.text)
    TIM_Cmd                                  0x080053ed   Thumb Code    20  stm32f10x_tim.o(.text)
    TIM_CtrlPWMOutputs                       0x08005401   Thumb Code    22  stm32f10x_tim.o(.text)
    TIM_ITConfig                             0x08005417   Thumb Code    16  stm32f10x_tim.o(.text)
    TIM_GenerateEvent                        0x08005427   Thumb Code     4  stm32f10x_tim.o(.text)
    TIM_DMAConfig                            0x0800542b   Thumb Code     8  stm32f10x_tim.o(.text)
    TIM_DMACmd                               0x08005433   Thumb Code    16  stm32f10x_tim.o(.text)
    TIM_InternalClockConfig                  0x08005443   Thumb Code    10  stm32f10x_tim.o(.text)
    TIM_SelectInputTrigger                   0x0800544d   Thumb Code    12  stm32f10x_tim.o(.text)
    TIM_ITRxExternalClockConfig              0x08005459   Thumb Code    18  stm32f10x_tim.o(.text)
    TIM_TIxExternalClockConfig               0x0800546b   Thumb Code    46  stm32f10x_tim.o(.text)
    TIM_ETRConfig                            0x08005499   Thumb Code    24  stm32f10x_tim.o(.text)
    TIM_ETRClockMode1Config                  0x080054b1   Thumb Code    18  stm32f10x_tim.o(.text)
    TIM_ETRClockMode2Config                  0x080054c3   Thumb Code    18  stm32f10x_tim.o(.text)
    TIM_PrescalerConfig                      0x080054d5   Thumb Code     6  stm32f10x_tim.o(.text)
    TIM_CounterModeConfig                    0x080054db   Thumb Code    12  stm32f10x_tim.o(.text)
    TIM_EncoderInterfaceConfig               0x080054e7   Thumb Code    50  stm32f10x_tim.o(.text)
    TIM_ForcedOC1Config                      0x08005519   Thumb Code    12  stm32f10x_tim.o(.text)
    TIM_ForcedOC2Config                      0x08005525   Thumb Code    20  stm32f10x_tim.o(.text)
    TIM_ForcedOC3Config                      0x08005539   Thumb Code    12  stm32f10x_tim.o(.text)
    TIM_ForcedOC4Config                      0x08005545   Thumb Code    20  stm32f10x_tim.o(.text)
    TIM_ARRPreloadConfig                     0x08005559   Thumb Code    20  stm32f10x_tim.o(.text)
    TIM_SelectCOM                            0x0800556d   Thumb Code    20  stm32f10x_tim.o(.text)
    TIM_SelectCCDMA                          0x08005581   Thumb Code    20  stm32f10x_tim.o(.text)
    TIM_CCPreloadControl                     0x08005595   Thumb Code    20  stm32f10x_tim.o(.text)
    TIM_OC1PreloadConfig                     0x080055a9   Thumb Code    32  stm32f10x_tim.o(.text)
    TIM_OC2PreloadConfig                     0x080055c9   Thumb Code    20  stm32f10x_tim.o(.text)
    TIM_OC3PreloadConfig                     0x080055dd   Thumb Code    12  stm32f10x_tim.o(.text)
    TIM_OC4PreloadConfig                     0x080055e9   Thumb Code    20  stm32f10x_tim.o(.text)
    TIM_OC1FastConfig                        0x080055fd   Thumb Code    12  stm32f10x_tim.o(.text)
    TIM_OC2FastConfig                        0x08005609   Thumb Code    20  stm32f10x_tim.o(.text)
    TIM_OC3FastConfig                        0x0800561d   Thumb Code    12  stm32f10x_tim.o(.text)
    TIM_OC4FastConfig                        0x08005629   Thumb Code    20  stm32f10x_tim.o(.text)
    TIM_ClearOC1Ref                          0x0800563d   Thumb Code    12  stm32f10x_tim.o(.text)
    TIM_ClearOC2Ref                          0x08005649   Thumb Code    20  stm32f10x_tim.o(.text)
    TIM_ClearOC3Ref                          0x0800565d   Thumb Code    12  stm32f10x_tim.o(.text)
    TIM_ClearOC4Ref                          0x08005669   Thumb Code    20  stm32f10x_tim.o(.text)
    TIM_OC1PolarityConfig                    0x0800567d   Thumb Code    12  stm32f10x_tim.o(.text)
    TIM_OC1NPolarityConfig                   0x08005689   Thumb Code    12  stm32f10x_tim.o(.text)
    TIM_OC2PolarityConfig                    0x08005695   Thumb Code    20  stm32f10x_tim.o(.text)
    TIM_OC2NPolarityConfig                   0x080056a9   Thumb Code    20  stm32f10x_tim.o(.text)
    TIM_OC3PolarityConfig                    0x080056bd   Thumb Code    20  stm32f10x_tim.o(.text)
    TIM_OC3NPolarityConfig                   0x080056d1   Thumb Code    20  stm32f10x_tim.o(.text)
    TIM_OC4PolarityConfig                    0x080056e5   Thumb Code    20  stm32f10x_tim.o(.text)
    TIM_CCxCmd                               0x080056f9   Thumb Code    22  stm32f10x_tim.o(.text)
    TIM_CCxNCmd                              0x0800570f   Thumb Code    22  stm32f10x_tim.o(.text)
    TIM_SelectOCxM                           0x08005725   Thumb Code    70  stm32f10x_tim.o(.text)
    TIM_UpdateDisableConfig                  0x0800576b   Thumb Code    20  stm32f10x_tim.o(.text)
    TIM_UpdateRequestConfig                  0x0800577f   Thumb Code    20  stm32f10x_tim.o(.text)
    TIM_SelectHallSensor                     0x08005793   Thumb Code    20  stm32f10x_tim.o(.text)
    TIM_SelectOnePulseMode                   0x080057a7   Thumb Code    16  stm32f10x_tim.o(.text)
    TIM_SelectOutputTrigger                  0x080057b7   Thumb Code    16  stm32f10x_tim.o(.text)
    TIM_SelectSlaveMode                      0x080057c7   Thumb Code    16  stm32f10x_tim.o(.text)
    TIM_SelectMasterSlaveMode                0x080057d7   Thumb Code    16  stm32f10x_tim.o(.text)
    TIM_SetCounter                           0x080057e7   Thumb Code     4  stm32f10x_tim.o(.text)
    TIM_SetAutoreload                        0x080057eb   Thumb Code     4  stm32f10x_tim.o(.text)
    TIM_SetCompare1                          0x080057ef   Thumb Code     4  stm32f10x_tim.o(.text)
    TIM_SetCompare2                          0x080057f3   Thumb Code     4  stm32f10x_tim.o(.text)
    TIM_SetCompare3                          0x080057f7   Thumb Code     4  stm32f10x_tim.o(.text)
    TIM_SetCompare4                          0x080057fb   Thumb Code     6  stm32f10x_tim.o(.text)
    TIM_SetClockDivision                     0x08005801   Thumb Code    16  stm32f10x_tim.o(.text)
    TIM_GetCapture1                          0x08005811   Thumb Code     4  stm32f10x_tim.o(.text)
    TIM_GetCapture2                          0x08005815   Thumb Code     4  stm32f10x_tim.o(.text)
    TIM_GetCapture3                          0x08005819   Thumb Code     4  stm32f10x_tim.o(.text)
    TIM_GetCapture4                          0x0800581d   Thumb Code     6  stm32f10x_tim.o(.text)
    TIM_GetCounter                           0x08005823   Thumb Code     4  stm32f10x_tim.o(.text)
    TIM_GetPrescaler                         0x08005827   Thumb Code     4  stm32f10x_tim.o(.text)
    TIM_GetFlagStatus                        0x0800582b   Thumb Code    14  stm32f10x_tim.o(.text)
    TIM_ClearFlag                            0x08005839   Thumb Code     6  stm32f10x_tim.o(.text)
    TIM_GetITStatus                          0x0800583f   Thumb Code    24  stm32f10x_tim.o(.text)
    TIM_ClearITPendingBit                    0x08005857   Thumb Code     6  stm32f10x_tim.o(.text)
    BKP_DeInit                               0x0800585d   Thumb Code    18  stm32f10x_bkp.o(.text)
    BKP_TamperPinLevelConfig                 0x0800586f   Thumb Code     6  stm32f10x_bkp.o(.text)
    BKP_TamperPinCmd                         0x08005875   Thumb Code     8  stm32f10x_bkp.o(.text)
    BKP_ITConfig                             0x0800587d   Thumb Code     8  stm32f10x_bkp.o(.text)
    BKP_RTCOutputConfig                      0x08005885   Thumb Code    14  stm32f10x_bkp.o(.text)
    BKP_SetRTCCalibrationValue               0x08005893   Thumb Code    14  stm32f10x_bkp.o(.text)
    BKP_WriteBackupRegister                  0x080058a1   Thumb Code    14  stm32f10x_bkp.o(.text)
    BKP_ReadBackupRegister                   0x080058af   Thumb Code    14  stm32f10x_bkp.o(.text)
    BKP_GetFlagStatus                        0x080058bd   Thumb Code    10  stm32f10x_bkp.o(.text)
    BKP_ClearFlag                            0x080058c7   Thumb Code    14  stm32f10x_bkp.o(.text)
    BKP_GetITStatus                          0x080058d5   Thumb Code    10  stm32f10x_bkp.o(.text)
    BKP_ClearITPendingBit                    0x080058df   Thumb Code    14  stm32f10x_bkp.o(.text)
    PWR_DeInit                               0x080058f5   Thumb Code    24  stm32f10x_pwr.o(.text)
    PWR_BackupAccessCmd                      0x0800590d   Thumb Code     6  stm32f10x_pwr.o(.text)
    PWR_PVDCmd                               0x08005913   Thumb Code     6  stm32f10x_pwr.o(.text)
    PWR_PVDLevelConfig                       0x08005919   Thumb Code    14  stm32f10x_pwr.o(.text)
    PWR_WakeUpPinCmd                         0x08005927   Thumb Code     8  stm32f10x_pwr.o(.text)
    PWR_EnterSTOPMode                        0x0800592f   Thumb Code    42  stm32f10x_pwr.o(.text)
    PWR_EnterSTANDBYMode                     0x08005959   Thumb Code    32  stm32f10x_pwr.o(.text)
    PWR_GetFlagStatus                        0x08005979   Thumb Code    16  stm32f10x_pwr.o(.text)
    PWR_ClearFlag                            0x08005989   Thumb Code    12  stm32f10x_pwr.o(.text)
    OneNet_DevLink                           0x080059a1   Thumb Code   102  onenet.o(.text)
    OneNet_FillBuf                           0x08005a07   Thumb Code    92  onenet.o(.text)
    OneNet_SendData                          0x08005a63   Thumb Code    98  onenet.o(.text)
    OneNet_RevPro                            0x08005ac5   Thumb Code   200  onenet.o(.text)
    MQTT_NewBuffer                           0x08005bdd   Thumb Code    82  mqttkit.o(.text)
    MQTT_DeleteBuffer                        0x08005c2f   Thumb Code    28  mqttkit.o(.text)
    MQTT_DumpLength                          0x08005c4b   Thumb Code    34  mqttkit.o(.text)
    MQTT_ReadLength                          0x08005c6d   Thumb Code    62  mqttkit.o(.text)
    MQTT_UnPacketRecv                        0x08005cab   Thumb Code    86  mqttkit.o(.text)
    MQTT_PacketConnect                       0x08005d01   Thumb Code   606  mqttkit.o(.text)
    MQTT_PacketDisConnect                    0x08005f5f   Thumb Code    44  mqttkit.o(.text)
    MQTT_UnPacketConnectAck                  0x08005f8b   Thumb Code    26  mqttkit.o(.text)
    MQTT_PacketPublish                       0x08005fa5   Thumb Code   260  mqttkit.o(.text)
    MQTT_PacketSaveData                      0x080060a9   Thumb Code    92  mqttkit.o(.text)
    MQTT_UnPacketCmd                         0x08006105   Thumb Code   130  mqttkit.o(.text)
    MQTT_PacketCmdResp                       0x08006187   Thumb Code   114  mqttkit.o(.text)
    MQTT_PacketSubscribe                     0x080061f9   Thumb Code   220  mqttkit.o(.text)
    MQTT_UnPacketSubscribe                   0x080062d5   Thumb Code    44  mqttkit.o(.text)
    MQTT_PacketUnSubscribe                   0x08006301   Thumb Code   208  mqttkit.o(.text)
    MQTT_UnPacketUnSubscribe                 0x080063d1   Thumb Code    20  mqttkit.o(.text)
    MQTT_UnPacketPublish                     0x080063e5   Thumb Code   334  mqttkit.o(.text)
    MQTT_PacketPublishAck                    0x08006533   Thumb Code    70  mqttkit.o(.text)
    MQTT_UnPacketPublishAck                  0x08006579   Thumb Code    32  mqttkit.o(.text)
    MQTT_PacketPublishRec                    0x08006599   Thumb Code    70  mqttkit.o(.text)
    MQTT_UnPacketPublishRec                  0x080065df   Thumb Code    24  mqttkit.o(.text)
    MQTT_PacketPublishRel                    0x080065f7   Thumb Code    70  mqttkit.o(.text)
    MQTT_UnPacketPublishRel                  0x0800663d   Thumb Code    30  mqttkit.o(.text)
    MQTT_PacketPublishComp                   0x0800665b   Thumb Code    70  mqttkit.o(.text)
    MQTT_UnPacketPublishComp                 0x080066a1   Thumb Code    24  mqttkit.o(.text)
    MQTT_PacketPing                          0x080066b9   Thumb Code    44  mqttkit.o(.text)
    ESP8266_Clear                            0x080066e5   Thumb Code    18  esp8266.o(.text)
    ESP8266_WaitRecive                       0x080066f7   Thumb Code    26  esp8266.o(.text)
    ESP8266_SendCmd                          0x08006711   Thumb Code    64  esp8266.o(.text)
    ESP8266_SendData                         0x08006751   Thumb Code    48  esp8266.o(.text)
    ESP8266_GetIPD                           0x08006781   Thumb Code    50  esp8266.o(.text)
    ESP8266_Init                             0x080067b3   Thumb Code   180  esp8266.o(.text)
    USART1_IRQHandler                        0x08006867   Thumb Code    60  esp8266.o(.text)
    __aeabi_memcpy                           0x08006959   Thumb Code    36  memcpya.o(.text)
    __aeabi_memcpy4                          0x08006959   Thumb Code     0  memcpya.o(.text)
    __aeabi_memcpy8                          0x08006959   Thumb Code     0  memcpya.o(.text)
    __aeabi_memset                           0x0800697d   Thumb Code    14  memseta.o(.text)
    __aeabi_memset4                          0x0800697d   Thumb Code     0  memseta.o(.text)
    __aeabi_memset8                          0x0800697d   Thumb Code     0  memseta.o(.text)
    __aeabi_memclr                           0x0800698b   Thumb Code     4  memseta.o(.text)
    __aeabi_memclr4                          0x0800698b   Thumb Code     0  memseta.o(.text)
    __aeabi_memclr8                          0x0800698b   Thumb Code     0  memseta.o(.text)
    _memset$wrapper                          0x0800698f   Thumb Code    18  memseta.o(.text)
    strcat                                   0x080069a1   Thumb Code    24  strcat.o(.text)
    strstr                                   0x080069b9   Thumb Code    36  strstr.o(.text)
    strchr                                   0x080069dd   Thumb Code    20  strchr.o(.text)
    strlen                                   0x080069f1   Thumb Code    14  strlen.o(.text)
    strncat                                  0x080069ff   Thumb Code    40  strncat.o(.text)
    strcpy                                   0x08006a27   Thumb Code    18  strcpy.o(.text)
    atoi                                     0x08006a39   Thumb Code    26  atoi.o(.text)
    __aeabi_uidiv                            0x08006a53   Thumb Code     0  uidiv.o(.text)
    __aeabi_uidivmod                         0x08006a53   Thumb Code    44  uidiv.o(.text)
    __aeabi_uldivmod                         0x08006a7f   Thumb Code    98  uldiv.o(.text)
    strtol                                   0x08006ae1   Thumb Code   112  strtol.o(.text)
    __I$use$fp                               0x08006b51   Thumb Code     0  iusefp.o(.text)
    __aeabi_dadd                             0x08006b51   Thumb Code   322  dadd.o(.text)
    __aeabi_dsub                             0x08006c93   Thumb Code     6  dadd.o(.text)
    __aeabi_drsub                            0x08006c99   Thumb Code     6  dadd.o(.text)
    __aeabi_dmul                             0x08006c9f   Thumb Code   228  dmul.o(.text)
    __aeabi_ddiv                             0x08006d83   Thumb Code   222  ddiv.o(.text)
    __aeabi_d2ulz                            0x08006e61   Thumb Code    48  dfixul.o(.text)
    __aeabi_cdrcmple                         0x08006e91   Thumb Code    48  cdrcmple.o(.text)
    __scatterload                            0x08006ec1   Thumb Code    28  init.o(.text)
    __scatterload_rt2                        0x08006ec1   Thumb Code     0  init.o(.text)
    __aeabi_llsl                             0x08006ee5   Thumb Code    30  llshl.o(.text)
    _ll_shift_l                              0x08006ee5   Thumb Code     0  llshl.o(.text)
    __aeabi_llsr                             0x08006f03   Thumb Code    32  llushr.o(.text)
    _ll_ushift_r                             0x08006f03   Thumb Code     0  llushr.o(.text)
    __aeabi_lasr                             0x08006f23   Thumb Code    36  llsshr.o(.text)
    _ll_sshift_r                             0x08006f23   Thumb Code     0  llsshr.o(.text)
    __rt_ctype_table                         0x08006f49   Thumb Code     4  ctype_o.o(.text)
    _strtoul                                 0x08006f51   Thumb Code   158  _strtoul.o(.text)
    _double_round                            0x08006fef   Thumb Code    30  depilogue.o(.text)
    _double_epilogue                         0x0800700d   Thumb Code   156  depilogue.o(.text)
    _chval                                   0x080070a9   Thumb Code    28  _chval.o(.text)
    __0printf$8                              0x080070c5   Thumb Code    22  printf8.o(i.__0printf$8)
    __1printf$8                              0x080070c5   Thumb Code     0  printf8.o(i.__0printf$8)
    __2printf                                0x080070c5   Thumb Code     0  printf8.o(i.__0printf$8)
    __0sprintf$8                             0x080070e5   Thumb Code    34  printf8.o(i.__0sprintf$8)
    __1sprintf$8                             0x080070e5   Thumb Code     0  printf8.o(i.__0sprintf$8)
    __2sprintf                               0x080070e5   Thumb Code     0  printf8.o(i.__0sprintf$8)
    __0vsnprintf                             0x0800710d   Thumb Code    40  printfa.o(i.__0vsnprintf)
    __1vsnprintf                             0x0800710d   Thumb Code     0  printfa.o(i.__0vsnprintf)
    __2vsnprintf                             0x0800710d   Thumb Code     0  printfa.o(i.__0vsnprintf)
    __c89vsnprintf                           0x0800710d   Thumb Code     0  printfa.o(i.__0vsnprintf)
    vsnprintf                                0x0800710d   Thumb Code     0  printfa.o(i.__0vsnprintf)
    __0vsprintf                              0x08007139   Thumb Code    30  printfa.o(i.__0vsprintf)
    __1vsprintf                              0x08007139   Thumb Code     0  printfa.o(i.__0vsprintf)
    __2vsprintf                              0x08007139   Thumb Code     0  printfa.o(i.__0vsprintf)
    __c89vsprintf                            0x08007139   Thumb Code     0  printfa.o(i.__0vsprintf)
    vsprintf                                 0x08007139   Thumb Code     0  printfa.o(i.__0vsprintf)
    __aeabi_errno_addr                       0x0800715d   Thumb Code     4  errno.o(i.__aeabi_errno_addr)
    __rt_errno_addr                          0x0800715d   Thumb Code     0  errno.o(i.__aeabi_errno_addr)
    __scatterload_copy                       0x08007165   Thumb Code    14  handlers.o(i.__scatterload_copy)
    __scatterload_null                       0x08007173   Thumb Code     2  handlers.o(i.__scatterload_null)
    __scatterload_zeroinit                   0x08007175   Thumb Code    14  handlers.o(i.__scatterload_zeroinit)
    free                                     0x08007ec5   Thumb Code    76  malloc.o(i.free)
    malloc                                   0x08007f15   Thumb Code    92  malloc.o(i.malloc)
    OLED_HZK_TBL                             0x08007f80   Data          64  oled.o(.constdata)
    asc2_1206                                0x08007fc0   Data        1140  oled.o(.constdata)
    asc2_1608                                0x08008434   Data        1520  oled.o(.constdata)
    asc2_2412                                0x08008a24   Data        3420  oled.o(.constdata)
    hz12                                     0x08009780   Data        3432  oled.o(.constdata)
    hz16                                     0x0800a4e8   Data        1768  oled.o(.constdata)
    hz24                                     0x0800abd0   Data         666  oled.o(.constdata)
    OLED_Image                               0x0800ae6a   Data        1024  oled.o(.constdata)
    table_week                               0x0800b26a   Data          12  rtc.o(.constdata)
    mon_table                                0x0800b276   Data          12  rtc.o(.constdata)
    __ctype_table                            0x0800b294   Data         129  ctype_o.o(.constdata)
    Region$$Table$$Base                      0x0800b380   Number         0  anon$$obj.o(Region$$Table)
    Region$$Table$$Limit                     0x0800b3a0   Number         0  anon$$obj.o(Region$$Table)
    DisFlag                                  0x20000000   Data           1  main.o(.data)
    Flag                                     0x20000001   Data           1  main.o(.data)
    timeCount                                0x20000004   Data           2  main.o(.data)
    ValidN                                   0x20000006   Data           2  main.o(.data)
    dataPtr                                  0x20000008   Data           4  main.o(.data)
    Error                                    0x2000000c   Data           4  main.o(.data)
    key_num                                  0x20000010   Data           4  main.o(.data)
    week                                     0x20000014   Data          28  main.o(.data)
    setup                                    0x20000030   Data          28  main.o(.data)
    SystemCoreClock                          0x2000004c   Data           4  system_stm32f10x.o(.data)
    AHBPrescTable                            0x20000050   Data          16  system_stm32f10x.o(.data)
    Y1                                       0x20000060   Data           1  button4_4.o(.data)
    Y2                                       0x20000061   Data           1  button4_4.o(.data)
    Y3                                       0x20000062   Data           1  button4_4.o(.data)
    Y4                                       0x20000063   Data           1  button4_4.o(.data)
    KeyVal                                   0x20000064   Data           1  button4_4.o(.data)
    USART2_RX_STA                            0x20000068   Data           2  usart2.o(.data)
    AS608Addr                                0x2000006c   Data           4  as608.o(.data)
    __stdout                                 0x20000074   Data           4  usart.o(.data)
    key                                      0x2000008c   Data           1  onenet.o(.data)
    warn                                     0x2000008d   Data           1  onenet.o(.data)
    esp8266_cnt                              0x2000008e   Data           2  esp8266.o(.data)
    esp8266_cntPre                           0x20000090   Data           2  esp8266.o(.data)
    __microlib_freelist                      0x20000094   Data           4  mvars.o(.data)
    __microlib_freelist_initialised          0x20000098   Data           4  mvars.o(.data)
    sys                                      0x200000a0   Data          80  main.o(.bss)
    AS608Para                                0x200000f0   Data          12  main.o(.bss)
    OLED_GRAM                                0x200000fc   Data        1024  oled.o(.bss)
    calendar                                 0x200004fc   Data          10  rtc.o(.bss)
    STMFLASH_BUF                             0x20000506   Data        2048  stmflash.o(.bss)
    USART2_TX_BUF                            0x20000d08   Data         400  usart2.o(.bss)
    USART2_RX_BUF                            0x20000e98   Data         400  usart2.o(.bss)
    buf                                      0x20001028   Data         255  onenet.o(.bss)
    esp8266_buf                              0x20001127   Data         128  esp8266.o(.bss)
    __heap_base                              0x200011a8   Data           0  startup_stm32f10x_hd.o(HEAP)
    __heap_limit                             0x200013a8   Data           0  startup_stm32f10x_hd.o(HEAP)
    __initial_sp                             0x200017a8   Data           0  startup_stm32f10x_hd.o(STACK)



==============================================================================

Memory Map of the image

  Image Entry point : 0x08000131

  Load Region LR_IROM1 (Base: 0x08000000, Size: 0x0000b440, Max: 0x00040000, ABSOLUTE)

    Execution Region ER_IROM1 (Exec base: 0x08000000, Load base: 0x08000000, Size: 0x0000b3a0, Max: 0x00040000, ABSOLUTE)

    Exec Addr    Load Addr    Size         Type   Attr      Idx    E Section Name        Object

    0x08000000   0x08000000   0x00000130   Data   RO          512    RESET               startup_stm32f10x_hd.o
    0x08000130   0x08000130   0x00000000   Code   RO          702  * .ARM.Collect$$$$00000000  mc_w.l(entry.o)
    0x08000130   0x08000130   0x00000004   Code   RO         1014    .ARM.Collect$$$$00000001  mc_w.l(entry2.o)
    0x08000134   0x08000134   0x00000004   Code   RO         1017    .ARM.Collect$$$$00000004  mc_w.l(entry5.o)
    0x08000138   0x08000138   0x00000000   Code   RO         1019    .ARM.Collect$$$$00000008  mc_w.l(entry7b.o)
    0x08000138   0x08000138   0x00000000   Code   RO         1021    .ARM.Collect$$$$0000000A  mc_w.l(entry8b.o)
    0x08000138   0x08000138   0x00000008   Code   RO         1022    .ARM.Collect$$$$0000000B  mc_w.l(entry9a.o)
    0x08000140   0x08000140   0x00000000   Code   RO         1024    .ARM.Collect$$$$0000000D  mc_w.l(entry10a.o)
    0x08000140   0x08000140   0x00000000   Code   RO         1026    .ARM.Collect$$$$0000000F  mc_w.l(entry11a.o)
    0x08000140   0x08000140   0x00000004   Code   RO         1015    .ARM.Collect$$$$00002712  mc_w.l(entry2.o)
    0x08000144   0x08000144   0x00001760   Code   RO            1    .text               main.o
    0x080018a4   0x080018a4   0x00000012   Code   RO          183    .text               stm32f10x_it.o
    0x080018b6   0x080018b6   0x00000002   PAD
    0x080018b8   0x080018b8   0x000000ac   Code   RO          224    .text               system_stm32f10x.o
    0x08001964   0x08001964   0x00000cce   Code   RO          267    .text               oled.o
    0x08002632   0x08002632   0x00000002   PAD
    0x08002634   0x08002634   0x00000456   Code   RO          297    .text               button4_4.o
    0x08002a8a   0x08002a8a   0x00000002   PAD
    0x08002a8c   0x08002a8c   0x00000154   Code   RO          313    .text               walkmotor.o
    0x08002be0   0x08002be0   0x00000088   Code   RO          325    .text               beep.o
    0x08002c68   0x08002c68   0x00000420   Code   RO          337    .text               rtc.o
    0x08003088   0x08003088   0x0000010c   Code   RO          362    .text               stmflash.o
    0x08003194   0x08003194   0x00000164   Code   RO          378    .text               usart2.o
    0x080032f8   0x080032f8   0x00000094   Code   RO          410    .text               timer.o
    0x0800338c   0x0800338c   0x00000980   Code   RO          423    .text               as608.o
    0x08003d0c   0x08003d0c   0x00000098   Code   RO          445    .text               delay.o
    0x08003da4   0x08003da4   0x00000120   Code   RO          476    .text               usart.o
    0x08003ec4   0x08003ec4   0x00000024   Code   RO          513    .text               startup_stm32f10x_hd.o
    0x08003ee8   0x08003ee8   0x000000b0   Code   RO          517    .text               misc.o
    0x08003f98   0x08003f98   0x00000264   Code   RO          529    .text               stm32f10x_gpio.o
    0x080041fc   0x080041fc   0x000002b8   Code   RO          541    .text               stm32f10x_rcc.o
    0x080044b4   0x080044b4   0x00000328   Code   RO          555    .text               stm32f10x_usart.o
    0x080047dc   0x080047dc   0x00000480   Code   RO          567    .text               stm32f10x_flash.o
    0x08004c5c   0x08004c5c   0x00000110   Code   RO          580    .text               stm32f10x_rtc.o
    0x08004d6c   0x08004d6c   0x00000af0   Code   RO          593    .text               stm32f10x_tim.o
    0x0800585c   0x0800585c   0x00000098   Code   RO          606    .text               stm32f10x_bkp.o
    0x080058f4   0x080058f4   0x000000ac   Code   RO          618    .text               stm32f10x_pwr.o
    0x080059a0   0x080059a0   0x0000023c   Code   RO          630    .text               onenet.o
    0x08005bdc   0x08005bdc   0x00000b08   Code   RO          669    .text               mqttkit.o
    0x080066e4   0x080066e4   0x00000274   Code   RO          685    .text               esp8266.o
    0x08006958   0x08006958   0x00000024   Code   RO          705    .text               mc_w.l(memcpya.o)
    0x0800697c   0x0800697c   0x00000024   Code   RO          707    .text               mc_w.l(memseta.o)
    0x080069a0   0x080069a0   0x00000018   Code   RO          709    .text               mc_w.l(strcat.o)
    0x080069b8   0x080069b8   0x00000024   Code   RO          711    .text               mc_w.l(strstr.o)
    0x080069dc   0x080069dc   0x00000014   Code   RO          713    .text               mc_w.l(strchr.o)
    0x080069f0   0x080069f0   0x0000000e   Code   RO          715    .text               mc_w.l(strlen.o)
    0x080069fe   0x080069fe   0x00000028   Code   RO          717    .text               mc_w.l(strncat.o)
    0x08006a26   0x08006a26   0x00000012   Code   RO          719    .text               mc_w.l(strcpy.o)
    0x08006a38   0x08006a38   0x0000001a   Code   RO         1012    .text               mc_w.l(atoi.o)
    0x08006a52   0x08006a52   0x0000002c   Code   RO         1028    .text               mc_w.l(uidiv.o)
    0x08006a7e   0x08006a7e   0x00000062   Code   RO         1030    .text               mc_w.l(uldiv.o)
    0x08006ae0   0x08006ae0   0x00000070   Code   RO         1041    .text               mc_w.l(strtol.o)
    0x08006b50   0x08006b50   0x00000000   Code   RO         1043    .text               mc_w.l(iusefp.o)
    0x08006b50   0x08006b50   0x0000014e   Code   RO         1044    .text               mf_w.l(dadd.o)
    0x08006c9e   0x08006c9e   0x000000e4   Code   RO         1046    .text               mf_w.l(dmul.o)
    0x08006d82   0x08006d82   0x000000de   Code   RO         1048    .text               mf_w.l(ddiv.o)
    0x08006e60   0x08006e60   0x00000030   Code   RO         1050    .text               mf_w.l(dfixul.o)
    0x08006e90   0x08006e90   0x00000030   Code   RO         1052    .text               mf_w.l(cdrcmple.o)
    0x08006ec0   0x08006ec0   0x00000024   Code   RO         1054    .text               mc_w.l(init.o)
    0x08006ee4   0x08006ee4   0x0000001e   Code   RO         1056    .text               mc_w.l(llshl.o)
    0x08006f02   0x08006f02   0x00000020   Code   RO         1058    .text               mc_w.l(llushr.o)
    0x08006f22   0x08006f22   0x00000024   Code   RO         1060    .text               mc_w.l(llsshr.o)
    0x08006f46   0x08006f46   0x00000002   PAD
    0x08006f48   0x08006f48   0x00000008   Code   RO         1062    .text               mc_w.l(ctype_o.o)
    0x08006f50   0x08006f50   0x0000009e   Code   RO         1090    .text               mc_w.l(_strtoul.o)
    0x08006fee   0x08006fee   0x000000ba   Code   RO         1092    .text               mf_w.l(depilogue.o)
    0x080070a8   0x080070a8   0x0000001c   Code   RO         1094    .text               mc_w.l(_chval.o)
    0x080070c4   0x080070c4   0x00000020   Code   RO          930    i.__0printf$8       mc_w.l(printf8.o)
    0x080070e4   0x080070e4   0x00000028   Code   RO          932    i.__0sprintf$8      mc_w.l(printf8.o)
    0x0800710c   0x0800710c   0x0000002c   Code   RO          961    i.__0vsnprintf      mc_w.l(printfa.o)
    0x08007138   0x08007138   0x00000024   Code   RO          962    i.__0vsprintf       mc_w.l(printfa.o)
    0x0800715c   0x0800715c   0x00000008   Code   RO         1034    i.__aeabi_errno_addr  mc_w.l(errno.o)
    0x08007164   0x08007164   0x0000000e   Code   RO         1098    i.__scatterload_copy  mc_w.l(handlers.o)
    0x08007172   0x08007172   0x00000002   Code   RO         1099    i.__scatterload_null  mc_w.l(handlers.o)
    0x08007174   0x08007174   0x0000000e   Code   RO         1100    i.__scatterload_zeroinit  mc_w.l(handlers.o)
    0x08007182   0x08007182   0x00000002   PAD
    0x08007184   0x08007184   0x00000184   Code   RO          963    i._fp_digits        mc_w.l(printfa.o)
    0x08007308   0x08007308   0x00000410   Code   RO          937    i._printf_core      mc_w.l(printf8.o)
    0x08007718   0x08007718   0x000006dc   Code   RO          964    i._printf_core      mc_w.l(printfa.o)
    0x08007df4   0x08007df4   0x00000024   Code   RO          938    i._printf_post_padding  mc_w.l(printf8.o)
    0x08007e18   0x08007e18   0x00000024   Code   RO          965    i._printf_post_padding  mc_w.l(printfa.o)
    0x08007e3c   0x08007e3c   0x0000002e   Code   RO          939    i._printf_pre_padding  mc_w.l(printf8.o)
    0x08007e6a   0x08007e6a   0x0000002e   Code   RO          966    i._printf_pre_padding  mc_w.l(printfa.o)
    0x08007e98   0x08007e98   0x00000016   Code   RO          967    i._snputc           mc_w.l(printfa.o)
    0x08007eae   0x08007eae   0x0000000a   Code   RO          941    i._sputc            mc_w.l(printf8.o)
    0x08007eb8   0x08007eb8   0x0000000a   Code   RO          968    i._sputc            mc_w.l(printfa.o)
    0x08007ec2   0x08007ec2   0x00000002   PAD
    0x08007ec4   0x08007ec4   0x00000050   Code   RO          984    i.free              mc_w.l(malloc.o)
    0x08007f14   0x08007f14   0x0000006c   Code   RO          985    i.malloc            mc_w.l(malloc.o)
    0x08007f80   0x08007f80   0x000032ea   Data   RO          269    .constdata          oled.o
    0x0800b26a   0x0800b26a   0x00000018   Data   RO          339    .constdata          rtc.o
    0x0800b282   0x0800b282   0x00000002   PAD
    0x0800b284   0x0800b284   0x00000010   Data   RO          632    .constdata          onenet.o
    0x0800b294   0x0800b294   0x00000081   Data   RO         1063    .constdata          mc_w.l(ctype_o.o)
    0x0800b315   0x0800b315   0x00000003   PAD
    0x0800b318   0x0800b318   0x00000004   Data   RO         1064    .constdata          mc_w.l(ctype_o.o)
    0x0800b31c   0x0800b31c   0x00000064   Data   RO            7    .conststring        main.o
    0x0800b380   0x0800b380   0x00000020   Data   RO         1096    Region$$Table       anon$$obj.o


    Execution Region RW_IRAM1 (Exec base: 0x20000000, Load base: 0x0800b3a0, Size: 0x000017a8, Max: 0x0000c000, ABSOLUTE)

    Exec Addr    Load Addr    Size         Type   Attr      Idx    E Section Name        Object

    0x20000000   0x0800b3a0   0x0000004c   Data   RW            8    .data               main.o
    0x2000004c   0x0800b3ec   0x00000014   Data   RW          225    .data               system_stm32f10x.o
    0x20000060   0x0800b400   0x00000005   Data   RW          299    .data               button4_4.o
    0x20000065   0x0800b405   0x00000001   PAD
    0x20000066   0x0800b406   0x00000002   Data   RW          340    .data               rtc.o
    0x20000068   0x0800b408   0x00000002   Data   RW          380    .data               usart2.o
    0x2000006a   0x0800b40a   0x00000002   PAD
    0x2000006c   0x0800b40c   0x00000004   Data   RW          424    .data               as608.o
    0x20000070   0x0800b410   0x00000004   Data   RW          446    .data               delay.o
    0x20000074   0x0800b414   0x00000004   Data   RW          479    .data               usart.o
    0x20000078   0x0800b418   0x00000014   Data   RW          542    .data               stm32f10x_rcc.o
    0x2000008c   0x0800b42c   0x00000002   Data   RW          633    .data               onenet.o
    0x2000008e   0x0800b42e   0x00000004   Data   RW          687    .data               esp8266.o
    0x20000092   0x0800b432   0x00000002   PAD
    0x20000094   0x0800b434   0x00000004   Data   RW         1032    .data               mc_w.l(mvars.o)
    0x20000098   0x0800b438   0x00000004   Data   RW         1033    .data               mc_w.l(mvars.o)
    0x2000009c   0x0800b43c   0x00000004   Data   RW         1037    .data               mc_w.l(errno.o)
    0x200000a0        -       0x0000005c   Zero   RW            2    .bss                main.o
    0x200000fc        -       0x00000400   Zero   RW          268    .bss                oled.o
    0x200004fc        -       0x0000000a   Zero   RW          338    .bss                rtc.o
    0x20000506        -       0x00000800   Zero   RW          363    .bss                stmflash.o
    0x20000d06   0x0800b440   0x00000002   PAD
    0x20000d08        -       0x00000320   Zero   RW          379    .bss                usart2.o
    0x20001028        -       0x000000ff   Zero   RW          631    .bss                onenet.o
    0x20001127        -       0x00000080   Zero   RW          686    .bss                esp8266.o
    0x200011a7   0x0800b440   0x00000001   PAD
    0x200011a8        -       0x00000200   Zero   RW          511    HEAP                startup_stm32f10x_hd.o
    0x200013a8        -       0x00000400   Zero   RW          510    STACK               startup_stm32f10x_hd.o


==============================================================================

Image component sizes


      Code (inc. data)   RO Data    RW Data    ZI Data      Debug   Object Name

      2432        634          0          4          0      10466   as608.o
       136          4          0          0          0        868   beep.o
      1110         14          0          5          0       1882   button4_4.o
       152         14          0          4          0       1151   delay.o
       628        182          0          4        128       3225   esp8266.o
      5984       1216        100         76         92     271452   main.o
       176         14          0          0          0       1969   misc.o
      2824         24          0          0          0      14514   mqttkit.o
      3278         56      13034          0       1024      14043   oled.o
       572         80         16          2        255       4905   onenet.o
      1056         60         24          2         10       4804   rtc.o
        36          8        304          0       1536        808   startup_stm32f10x_hd.o
       152          8          0          0          0       3560   stm32f10x_bkp.o
      1152         22          0          0          0       9324   stm32f10x_flash.o
       612         36          0          0          0       6097   stm32f10x_gpio.o
        18          0          0          0          0       1194   stm32f10x_it.o
       172         12          0          0          0       2019   stm32f10x_pwr.o
       696         32          0         20          0       9112   stm32f10x_rcc.o
       272          6          0          0          0       3296   stm32f10x_rtc.o
      2800         84          0          0          0      24034   stm32f10x_tim.o
       808         22          0          0          0       8964   stm32f10x_usart.o
       268          4          0          0       2048       2956   stmflash.o
         0          0          0          0          0         32   sys.o
       172         30          0         20          0       1511   system_stm32f10x.o
       148         10          0          0          0        852   timer.o
       288          8          0          4          0       3957   usart.o
       356         24          0          2        800       2602   usart2.o
       340         18          0          0          0       1136   walkmotor.o

    ----------------------------------------------------------------------
     26644       2622      13512        148       5896     410733   Object Totals
         0          0         32          0          0          0   (incl. Generated)
         6          0          2          5          3          0   (incl. Padding)

    ----------------------------------------------------------------------

      Code (inc. data)   RO Data    RW Data    ZI Data      Debug   Library Member Name

        28          0          0          0          0         68   _chval.o
       158          0          0          0          0         92   _strtoul.o
        26          0          0          0          0         80   atoi.o
         8          4        133          0          0         68   ctype_o.o
         0          0          0          0          0          0   entry.o
         0          0          0          0          0          0   entry10a.o
         0          0          0          0          0          0   entry11a.o
         8          4          0          0          0          0   entry2.o
         4          0          0          0          0          0   entry5.o
         0          0          0          0          0          0   entry7b.o
         0          0          0          0          0          0   entry8b.o
         8          4          0          0          0          0   entry9a.o
         8          4          0          4          0         68   errno.o
        30          0          0          0          0          0   handlers.o
        36          8          0          0          0         68   init.o
         0          0          0          0          0          0   iusefp.o
        30          0          0          0          0         68   llshl.o
        36          0          0          0          0         68   llsshr.o
        32          0          0          0          0         68   llushr.o
       188         20          0          0          0        160   malloc.o
        36          0          0          0          0         68   memcpya.o
        36          0          0          0          0        108   memseta.o
         0          0          0          8          0          0   mvars.o
      1204         60          0          0          0        504   printf8.o
      2338         90          0          0          0        664   printfa.o
        24          0          0          0          0         68   strcat.o
        20          0          0          0          0         68   strchr.o
        18          0          0          0          0         68   strcpy.o
        14          0          0          0          0         68   strlen.o
        40          0          0          0          0         76   strncat.o
        36          0          0          0          0         80   strstr.o
       112          0          0          0          0         88   strtol.o
        44          0          0          0          0         80   uidiv.o
        98          0          0          0          0         92   uldiv.o
        48          0          0          0          0         68   cdrcmple.o
       334          0          0          0          0        148   dadd.o
       222          0          0          0          0        100   ddiv.o
       186          0          0          0          0        176   depilogue.o
        48          0          0          0          0         68   dfixul.o
       228          0          0          0          0         96   dmul.o

    ----------------------------------------------------------------------
      5692        194        136         12          0       3496   Library Totals
         6          0          3          0          0          0   (incl. Padding)

    ----------------------------------------------------------------------

      Code (inc. data)   RO Data    RW Data    ZI Data      Debug   Library Name

      4620        194        133         12          0       2840   mc_w.l
      1066          0          0          0          0        656   mf_w.l

    ----------------------------------------------------------------------
      5692        194        136         12          0       3496   Library Totals

    ----------------------------------------------------------------------

==============================================================================


      Code (inc. data)   RO Data    RW Data    ZI Data      Debug   

     32336       2816      13648        160       5896     408817   Grand Totals
     32336       2816      13648        160       5896     408817   ELF Image Totals
     32336       2816      13648        160          0          0   ROM Totals

==============================================================================

    Total RO  Size (Code + RO Data)                45984 (  44.91kB)
    Total RW  Size (RW Data + ZI Data)              6056 (   5.91kB)
    Total ROM Size (Code + RO Data + RW Data)      46144 (  45.06kB)

==============================================================================

